[    0.000000] Linux version 4.15.0-72-generic (buildd@lcy01-amd64-026) (gcc version 7.4.0 (Ubuntu 7.4.0-1ubuntu1~18.04.1)) #81-Ubuntu SMP Tue Nov 26 12:20:02 UTC 2019 (Ubuntu 4.15.0-72.81-generic 4.15.18)
[    0.000000] Command line: BOOT_IMAGE=/boot/vmlinuz-4.15.0-72-generic root=UUID=65f13bad-aa48-4f5e-b551-df2e6d39fa51 ro console=tty1 console=ttyS0
[    0.000000] KERNEL supported cpus:
[    0.000000]   Intel GenuineIntel
[    0.000000]   AMD AuthenticAMD
[    0.000000]   Centaur CentaurHauls
[    0.000000] x86/fpu: Supporting XSAVE feature 0x001: 'x87 floating point registers'
[    0.000000] x86/fpu: Supporting XSAVE feature 0x002: 'SSE registers'
[    0.000000] x86/fpu: Supporting XSAVE feature 0x004: 'AVX registers'
[    0.000000 x86/fpu: xstate_offset[2]:  576, xstate_sizes[2]:  256
[   0.000000] x86/fpu: Enabled xstate features 0x7, context size is 832 bytes, using 'standard' format.
[   0.000000] e820: BIOS-provided physical RAM map:
[    0.000000] BIOS-e820: [mem 0x000000000000000-0x000000000009fbff] sable
[    0.000000] BIOS-e820: [mem 0x00000000009fc00-0x000000000009ffff] reserved
[    0.000000] BIOS-e820: [mem 0x00000000000f0000-0x00000000000fffff] reserved
[   0.00000]BIOS-e820: [mem 0x0000000000100000-0x000000003ffeffff] usable
[    0.000000] BIOS-e820: [mem 0x000000003fff000-0x000000003fffffff] ACPI data
[   0.000000] BIOS-e820: [mem 0x00000000fec00000-0x00000000fe00ff] reserved
[    0.000000] BIOS-e820: [mem0x0000000fee00000-0x00000000fee00fff] reserved
[   0.000000] BIOS-e820: [mem 0x00000000fffc0000-0x00000000ffffffff] reseved
[    0.000000] NX (Execute Disable) protection: active
[    0.000000] SMBIOS 2.5 present.
[    0.000000] DMI: innotek GmbH VirtualBox/VirtualBox, BIOS VirtualBox 12/01/2006
[    0.000000] Hypervisor detected: KVM
[    0.000000] e820: last_pfn = 0x3fff0 max_arch_pfn = 0x400000000
[    0.000000] MTRR: Disabled
[    0.000000] x86/PAT: MTRRs disabled, skipping PAT initialization too.
[    0.000000] CPU MTRRs al blank - virtualized system.
[    0.000000]x86/AT: Configuration [0-7]: WB  WT  UC- UC  WB  W  UC- UC  
[    0.000000] foun SMP MP-table at [mem 0x0009ff0-0x0009ffff
[    0.00000] Scanning 1 areas for low memor corruption
[    0.000000] RAMDISK: [mem 0x35967000-0x3caafff]
[    0.000000] ACPI: Early table checksum verification diabled
[    0.000000] ACPI: RSDP 0x00000000000E0000 000024 (v02 VBOX  )
[   0.000000] ACPI: XSDT 0x000000003FFF0030 00003C (v1 VBOX   VBXXSDT 00000001 ASL  00000061)
[    0.000000] ACPI: FACP 0x000000003FFF00F0 0000F4 (v04 VBOX   VBOXFACP 00000001 ASL  00000061)
[    0.000000] ACPI: DSDT 0x000000003FFF0470 021FF (v02 VBOX  VBOXBIOS 0000002 INTL 20100528)
[    0.000000] ACPI: FACS 0x000000003FFF0200 000040
[   0.000000] ACPI: FACS 0x000000003FFF0200 000040
[   0.000000] ACPI: APIC 0x000000003FFF0240 00005C (v02 VBOX   VBOXAPIC 00000001 ASL  00000061)
[   0.000000] ACPI: SSDT 0x000000003FFF02A0 0001CC (v01 VBOX   VBXCPT 0000002 INTL 20100528)
[    0.000000] No NUMA configration found
[    0.000000] Faking a node at [mem 0x000000000000000-0x000000003ffeffff]
[   0.00000] NODE_DATA(0) allocated mem 0xffc5000-0x3ffeffff]
[   0.000000] kvm-clock: cpu 0, msr 0:3ff44001, primary cpu clock
[    0.000000] kvm-clock: Using msrs 4b564d01 and 4b54d00
[    0.000000] kvm-clock: using sched offset of 4677454822 cycles
[    0.000000] clocksource: kvm-clock: mask: 0xffffffffffffffff max_cycles: 0x1cd42e4dffb, max_idle_ns: 881590591483 ns
[    0.000000] Zone ranges:
[    0.000000]   DMA      [mem 0x0000000000001000-0x0000000000ffffff]
[    0.000000]   DMA32    [mem 0x0000000001000000-0x000000003ffeffff]
[    0.000000]   Normal   empty
[    0.000000]   Device   empty
[    0.000000] Movable zone start for each node
[    0.000000] Early memory node ranges
[    0.000000]   node   0: [mem 0x0000000000001000-0x000000000009efff]
[    0.000000]   node   0: [mem 0x0000000000100000-0x000000003ffeffff]
[    0.000000] Reserved but unvailable: 98 pages
[   0.000000] Initmem setup noe 0 [mem0x00000000001000-0x000000003ffeffff]
[    0.000000] ACPI: PM-Timer IO Port: 0x4008
[    0.000000] IOAPIC[0]: apic_id 2, version 32, address 0xfec00000, GSI 0-23
[    0.000000] ACPI: INT_SRC_OVR (bus 0 bus_irq 0 global_irq 2 dfl dfl)
[    0.000000] ACPI: INT_SRC_OVR (bus 0 bus_irq 9 global_irq 9 low level)
[    0.000000] Using ACPI (MADT) for SMP coniguration information
[    0.000000] smpboot: Allowing 2 CPUs, 0 hotplug CPUs
[    0.000000] PM: Registered nosave memory: [mem 0x00000000-0x00000fff]
[    0.000000] PM: Registered nosave memory: [mem 0x0009f000-0x0009ffff]
[    0.000000] PM: Registered nosave memory: [mem 0x000a0000-0x000effff]
[    0.000000] PM: Registeed osave memory: [mem 0x000f0000-0x000fffff]
[   0.0000] e820: [mem 0x40000000-0xfebfffff] available for PCI devices
[    0.000000] Booting paravirtualized kernel on KVM
[    0.000000] clocksource: refined-jiffies: mask: 0xffffffff max_cycles: 0xffffffff, max_idle_ns: 7645519600211568 ns
[    0.000000] random: get_random_bytes called from start_kernel+0x99/0x4fd with crng_init=0
[   0.00000] setup_percpu: NR_CPUS:8192 nr_cpumask_bits:2 nr_cpu_ids:2 nr_node_ids:1
[   0.000000] percpu: Embedded 45 pages/cpu s147456 r8192 d28672 u1048576
[   0.00000] PV qspinlock hash table entries: 256 (order: 0, 4096 bytes)
[   0.000000] Built 1 zonelists, mobility gruping on.  Total pages: 257913
[   000000] Policy zone: DMA32
[   0.000000] Kernel command line: BOT_IMAGE=/boot/vmlinuz-4.15.0-72-generic root=UUID=65f13bad-aa48-4f5e-b551-df2e6d39fa51 ro console=tty1 console=ttyS0
[    0.000000] Memory: 98286K/1048120K vaiable (12300K kernel code, 2481K rwdata, 4264K rodata, 2428K iit, 288Kbss,65252 resrved, 0K cma-reserved)
[    0.000000] SLUB: HWalign=64, Order=0-3, MinObjects=0, CPUs=2, Nodes=1
[    0.000000] Kernel/User page tables isolation: enabled
[    0.000000] ftrace: allocating 39318 entries in 154 pages
[    0.004000] Hierarchical RCU implementation.
[    0.004000] 	RCU restricting CPUs from NR_CPUS=8192 to nr_cpu_ids=2.
[    0.004000] 	Tasks RCU enabled.
[    0.004000] RCU: Adjusting geometry for rcu_fanout_leaf=16, nr_cpu_ids=2
[    0.004000] NR_IRQS: 524544, nr_irqs: 440, preallocated irqs: 16
[    0.004000] Console: colour VGA+ 80x25
[   0.004000] console [tty1] enabled
[    .004000] console [tty0] enabled
[    0.004000] ACPI: Core revision 20170831
[   0.004000] ACPI: 2 ACPI AML tables successfully acquired and loaded
[    0.004000] APIC: Switch to symmetric I/O mode setup
[    0.005164] x2apic enabled
[    0.008016] Switched APIC routing to physical x2apic.
[    0.016000] ..TIMER: vector=0x30 apic1=0 pin1=2 apic2=-1 pin2=-1
[    0.016013] tsc: Detected 2712.002 MHz processor
[    0.024031] Calibrating delay loop (skipped) preset value.. 5424.00 BogoMIPS (lpj=10848008)
[    0.028015] pid_max: default: 32768 minimum: 301
[    0.032129] Security Framework initialized
[    0.036016] Yama: becoming mindful.
[    0.040083] AppArmor: AppArmor initialized
[    0.052177] Dentry cache hash table entries: 131072 (order: 8, 1048576 bytes)
[    0.056314] Inode-cache hash table entries: 65536 (order: 7, 524288 bytes)
[    0.060073] Mount-cache hash table entries: 2048 (order: 2, 16384 bytes)
[    0.064033] Mountpoint-cache hash table entries: 2048 (order: 2, 16384 bytes)
[    0.068495] Last level iTLB entries: 4KB 64, 2MB 8, 4MB 8
[    0.072008] Last level dTLB entries: 4KB 64, 2MB 0, 4MB 0, 1GB 4
[    0.076011] Spectre V1 : Mitigation: usercopy/swapgs barriers and __user pointer sanitization
[    0.080011] Spectre V2 : Mitigation: Full generic retpoline
[    0.084007] Spectre V2 : Spectre v2 / SpectreRSB mitigation: Filling RSB on context switch
[    0.088010] Speculative Store Bypass: Vulnerable
[    0.090272] MDS: Vulnerable: Clear CPU buffers attempted, no microcode
[    0.092524] Freeing SMP alternatives memory: 36K
[    0.210419] smpboot: CPU0: Intel(R) Core(TM) i5-7200U CPU @ 2.50GHz (family: 0x6, model: 0x8e, stepping: 0x9)
[    0.212272] Performance Events: unsupported p6 CPU model 142 no PMU driver, software events only.
[    0.216135] Hierarchical SRCU implementation.
[    0.224140] NMI watchdog: Perf event create on CPU 0 failed with -2
[    0.228015] NMI watchdog: Perf NMI watchdog permanently disabled
[    0.232229] smp: Bringing up secondary CPUs ...
[    0.236375] x86: Booting SMP configuration:
[    0.240017] .... node  #0, CPUs:      #1
[    0.004000] kvm-clock: cpu 1, msr 0:3ff44041, secondary cpu clock
[    0.279471] smp: Brought up 1 node, 2 CPUs
[    0.280013] smpboot: Max logical packages: 1
[    0.284008] smpboot: Total of 2 processors activated (10848.00 BogoMIPS)
[    0.288220] devtmpfs: initialized
[    0.289469] x86/mm: Memory block size: 128MB
[    0.292310] evm: security.selinux
[    0.294506] evm: security.SMACK64
[    0.296009] evm: security.SMACK64EXEC
[    0.300005] evm: security.SMACK64TRANSMUTE
[    0.302559] evm: security.SMACK64MMAP
[    0.304011] evm: security.apparmor
[    0.305702] evm: security.ima
[    0.308009] evm: security.capability
[    0.312070] clocksource: jiffies: mask: 0xffffffff max_cycles: 0xffffffff, max_idle_ns: 7645041785100000 ns
[    0.316040] futex hash table entries: 512 (order: 3, 32768 bytes)
[    0.324017] pinctrl core: initialized pinctrl subsystem
[    0.328208] RTC time: 23:03:31, date: 12/11/19
[    0.332211] NET: Registered protocol family 16
[    0.333858] audit: initializing netlink subsys (disabled)
[    0.336103] audit: type=2000 audit(1576105412.531:1): state=initialized audit_enabled=0 res=1
[    0.340020] cpuidle: using governor ladder
[    0.344020] cpuidle: using governor menu
[    0.348065] ACPI: bus type PCI registered
[    0.348987] acpiphp: ACPI Hot Plug PCI Controller Driver version: 0.5
[    0.352126] PCI: Using configuration type 1 for base access
[    0.357267] HugeTLB registered 2.00 MiB page size, pre-allocated 0 pages
[    0.360122] ACPI: Added _OSI(Module Device)
[    0.361551] ACPI: Added _OSI(Processor Device)
[    0.364008] ACPI: Added _OSI(3.0 _SCP Extensions)
[    0.368007] ACPI: Added _OSI(Processor Aggregator Device)
[    0.372013] ACPI: Added _OSI(Linux-Dell-Video)
[    0.376009] ACPI: Added _OSI(Linux-Lenovo-NV-HDMI-Audio)
[    0.380013] ACPI: Added _OSI(Linux-HPI-Hybrid-Graphics)
[    0.384458] ACPI: Executed 1 blocks of module-level executable AML code
[    0.400312] ACPI: Interpreter enabled
[    0.404028] ACPI: (supports S0 S5)
[    0.408008] ACPI: Using IOAPIC for interrupt routing
[    0.412549] PCI: Using host bridge windows from ACPI; if necessary, use "pci=nocrs" and report a bug
[    0.416465] ACPI: Enabled 2 GPEs in block 00 to 07
[    0.434840] ACPI: PCI Root Bridge [PCI0] (domain 0000 [bus 00-ff])
[    0.436016] acpi PNP0A03:00: _OSC: OS supports [ASPM ClockPM Segments MSI]
[    0.440051] acpi PNP0A03:00: _OSC: not requesting OS control; OS requires [ExtendedConfig ASPM ClockPM MSI]
[    0.444029] acpi PNP0A03:00: fail to add MMCONFIG information, can't access extended PCI configuration space under this bridge.
[    0.452657] PCI host bridge to bus 0000:00
[    0.456007] pci_bus 0000:00: root bus resource [io  0x0000-0x0cf7 window]
[    0.460010] pci_bus 0000:00: root bus resource [io  0x0d00-0xffff window]
[    0.464012] pci_bus 0000:00: root bus resource [mem 0x000a0000-0x000bffff window]
[    0.468015] pci_bus 0000:00: root bus resource [mem 0x40000000-0xfdffffff window]
[    0.470447] pci_bus 0000:00: root bus resource [bus 00-ff]
[    0.477588] pci 0000:00:01.1: legacy IDE quirk: reg 0x10: [io  0x01f0-0x01f7]
[    0.480010] pci 0000:00:01.1: legacy IDE quirk: reg 0x14: [io  0x03f6]
[    0.484010] pci 0000:00:01.1: legacy IDE quirk: reg 0x18: [io  0x0170-0x0177]
[    0.486395] pci 0000:00:01.1: legacy IDE quirk: reg 0x1c: [io  0x0376]
[    0.516957] pci 0000:00:07.0: quirk: [io  0x4000-0x403f] claimed by PIIX4 ACPI
[    0.520039] pci 0000:00:07.0: quirk: [io  0x4100-0x410f] claimed by PIIX4 SMB
[    0.544000] ACPI: PCI Interrupt Link [LNKA] (IRQs 5 9 10 *11)
[    0.544656] ACPI: PCI Interrupt Link [LNKB] (IRQs 5 9 *10 11)
[    0.548246] ACPI: PCI Interrupt Link [LNKC] (IRQs 5 *9 10 11)
[    0.552185] ACPI: PCI Interrupt Link [LNKD] (IRQs 5 9 10 *11)
[    0.556585] SCSI subsystem initialized
[    0.560132] pci 0000:00:02.0: vgaarb: setting as boot VGA device
[    0.561990] pci 0000:00:02.0: vgaarb: VGA device added: decodes=io+mem,owns=io+mem,locks=none
[    0.564011] pci 0000:00:02.0: vgaarb: bridge control possible
[    0.568008] vgaarb: loaded
[    0.568969] ACPI: bus type USB registered
[    0.570372] usbcore: registered new interface driver usbfs
[    0.572027] usbcore: registered new interface driver hub
[    0.573652] usbcore: registered new device driver usb
[    0.576046] EDAC MC: Ver: 3.0.0
[    0.577586] PCI: Using ACPI for IRQ routing
[    0.577707] NetLabel: Initializing
[    0.580007] NetLabel:  domain hash size = 128
[    0.584006] NetLabel:  protocols = UNLABELED CIPSOv4 CALIPSO
[    0.588034] NetLabel:  unlabeled traffic allowed by default
[    0.592124] clocksource: Switched to clocksource kvm-clock
[    0.616792] VFS: Disk quotas dquot_6.6.0
[    0.618218] VFS: Dquot-cache hash table entries: 512 (order 0, 4096 bytes)
[    0.620422] AppArmor: AppArmor Filesystem Enabled
[    0.621841] pnp: PnP ACPI init
[   .6650] pnp: PnP ACPI: found 3 devices

[   .776321] clocksource: acpi_pm: mask: 0xffffff max_cycles: 0xffffff, max_idlns: 207024ns
[    1.209384] NET: Registered proocol family 2

[    1.31341] TCP established ha tble entries: 8192 (order: 4, 65536 byte
[    1.579990] TCP bind hash table etrs: 8192 (order: 5 131072 bytes)
[    1.759918] TCP: Hash tables configured (established 8192 bind 8192)
[    1.762497] UDP hash table entries: 512 (order: 2, 16384 bytes)
[    1.764404] UDP-Lite hash table entries: 512 (order: 2, 16384 bytes)
[    1.766498] NET: Registered protocol family 1
[    1.767976] pci 0000:00:00.0: Limiting direct PCI/PCI transfers
[    1.769690] pci 0000:00:01.0: Activating ISA DMA hang workarounds
[    1.771803] pci 0000:00:02.0: Video device with shadowed ROM at [mem 0x000c0000-0x000dffff]
[    1.774480] Unpacking initramfs...

[    2.305217] Freeing initrd memory: 19728K
[    2.313573] clocksource: tsc: mask: 0xffffffffffffffff max_cycles: 0x2717880cafa, max_idle_ns: 440795252614 ns
[    2.339129] platform rtc_cmos: registered platform RTC device (no PNP device found)
[    2.349103] Scanning for low memory corruption every 60 seconds
[    2.394419] Initialise system trusted keyrings
[    2.409937] Key type blacklist registered
[    2.412061] workingset: timestamp_bits=36 max_order=18 bucket_order=0
[    2.415824] zbud: loaded
[    2.417584] squashfs: version 4.0 (2009/01/31) Phillip Lougher
[    2.426101] fuse init (API version 7.26)
[    2.460086] Key type asymmetric registered
[    2.490346] Asymmetric key parser 'x509' registered
[    2.510985] Block layer SCSI generic (bsg) driver version 0.4 loaded (major 246)
[    2.525463] io scheduler noop registered
[    2.540808] io scheduler deadline registered
[    2.549369] io scheduler cfq registered (default)
[    2.570078] ACPI: AC Adapter [AC] (off-line)
[    2.618656] input: Power Button as /devices/LNXSYSTM:00/LNXPWRBN:00/input/input0
[    2.634228] ACPI: Power Button [PWRF]
[    2.647214] input: Sleep Button as /devices/LNXSYSTM:00/LNXSLPBN:00/input/input1
[    2.650947] ACPI: Sleep Button [SLPF]
[    2.663207] ACPI: Btery Slot [BAT0] (battery present)
[    2.744424] Serial: 8250/16550 driver, 32 ports, IRQ sharing enabled
[    2.774855] 00:02: ttyS0 at I/O 0x3f8 (irq = 4, base_baud = 115200) is a 16550A
[    2.793904] Linux agpgart interface v0.103
[    2.809226] loop: module loaded
[    2.824657] scsi host0: ata_piix
[    2.832818] scsi host1: ata_piix
[    2.834001] ata1: PATA max UDMA/33 cmd 0x1f0 ctl 0x3f6 bmdma 0xd000 irq 14
[    2.859003] ata2: PATA max UDMA/33 cmd 0x170 ctl 0x376 bmdma 0xd008 irq 15
[    2.862125] libphy: Fixed MDIO Bus: probed
[    2.863664] tun: Universal TUN/TAP device driver, 1.6
[    2.865512] PPP generic driver version 2.4.2
[    2.872721] ehci_hcd: USB 2.0 'Enhanced' Host Controller (EHCI) Driver
[    2.874736] ehci-pci: EHCI PCI platform driver
[    2.876141] ehci-platform: EHCI generic platform driver
[    2.877719] ohci_hcd: USB 1.1 'Open' Host Controller (OHCI) Driver
[    2.879640] ohci-pci: OHCI PCI platform driver
[    2.881017] ohci-platform: OHCI generic platform driver
[    2.882706] uhci_hcd: USB Universal Host Controller Interface driver
[    2.891064] i8042: PNP: PS/2 Controller [PNP0303:PS2K,PNP0f03:PS2M] at 0x60,0x64 irq 1,12
[    2.894223] serio: i8042 KBD port at 0x60,0x64 irq 1
[    2.895840] serio: i8042 AUX port at 0x60,0x64 irq 12
[    2.897420] mousedev: PS/2 mouse device common for all mice
[    2.899865] rtc_cmos rtc_cmos: rtc core: registered rtc_cmos as rtc0
[    2.901386] input: AT Translated Set 2 keyboard as /devices/platform/i8042/serio0/input/input2
[    2.903988] rtc_cmos rtc_cmos: alarms up to one day, 114 bytes nvram
[    2.905815] i2c /dev entries driver
[    2.906961] device-mapper: uevent: version 1.0.3
[    2.908628] device-mapper: ioctl: 4.37.0-ioctl (2017-09-20) initialised: dm-devel@redhat.com
[    2.910463] ledtrig-cpu: registered to indicate activity on CPUs
[    2.912278] NET: Registered protocol family 10
[    2.928122] Segment Routing with IPv6
[    2.929020] NET: Registered protocol family 17
[    2.930126] Key type dns_resolver registered
[    2.931265] mce: Using 0 MCE banks
[    2.932212] RAS: Correctable Errors collector initialized.
[    2.938553] sched_clock: Marking stable (2938514313, 0)->(9375079383, -6436565070)
[    2.942307] registered taskstats version 1
[    2.943519] Loading compiled-in X.509 certificates
[    2.948983] Loaded X.509 cert 'Build time autogenerated kernel key: f4f7241365689b0cbe3898188e65e316fd8f978d'
[    2.951583] zswap: loaded using pool lzo/zbud
[    2.958604] Key type big_key registered
[    2.959676] Key type trusted registered
[    2.963453] Key type encrypted registered
[    2.964986] AppArmor: AppArmor sha1 policy hashing enabled
[    2.966533] ima: No TPM chip found, activating TPM-bypass! (rc=-19)
[    2.968244] ima: Allocated hash algorithm: sha1
[    2.969633] evm: HMAC attrs: 0x1
[    2.970921]   Magic number: 15:816:99
[    2.972479] rtc_cmos rtc_cmos: setting system clock to 2019-12-11 23:03:35 UTC (1576105415)
[    2.974868] BIOS EDD facility v0.16 2004-Jun-25, 0 devices found
[    2.976427] EDD information not available.
[    3.026125] Freeing unused kernel image memory: 2428K
[    3.060691] Write protecting the kernel read-only data: 20480k
[    3.078338] Freeing unused kernel image memory: 2008K
[    3.359102] Freeing unused kernel image memory: 1880K
[    3.397881] x86/mm: Checked W+X mappings: passed, no W+X pages found.
[    3.407350] x86/mm: Checking user space page tables
[    3.439473] x86/mm: Checked W+X mappings: passed, no W+X pages found.
Loading, please wait...
starting version 237
[    3.615130] Fusion MPT base driver 3.04.20
[    3.625654] Copyright (c) 1999-2008 LSI Corporation
[    3.657814] e1000: Intel(R) PRO/1000 Network Driver - version 7.3.21-k8-NAPI
[    3.679910] e1000: Copyright (c) 1999-2006 Intel Corporation.
[    3.695800] AVX2 version of gcm_enc/dec engaged.
[    3.703067] AES CTR mode by8 optimization enabled
[    3.707836] Fusion MPT SPI Host driver 3.04.20
[    3.845559] input: ImExPS/2 Generic Explorer Mouse as /devices/platform/i8042/serio1/input/input4
[    4.188750] e1000 0000:00:03.0 eth0: (PCI:33MHz:32-bit) 02:50:d4:3b:43:74
[    4.195154] e1000 0000:00:03.0 eth0: Intel(R) PRO/1000 Network Connection
[    5.347139] e1000 0000:00:08.0 eth1: (PCI:33MHz:32-bit) 08:00:27:11:4d:f6
[    5.737183] e1000 0000:00:08.0 eth1: Intel(R) PRO/1000 Network Connection
[    5.745248] e1000 0000:00:03.0 enp0s3: renamed from eth0
[    5.745912] mptbase: ioc0: Initiating bringup
[    5.765434] e1000 0000:00:08.0 enp0s8: renamed from eth1
[    5.849115] ioc0: LSI53C1030 A0: Capabilities={Initiator}
[    7.427863] scsi host2: ioc0: LSI53C1030 A0, FwRev=00000000h, Ports=1, MaxQ=256, IRQ=20
[    8.337464] scsi 2:0:0:0: Direct-Access     VBOX     HARDDISK         1.0  PQ: 0 ANSI: 5
[    8.384619] scsi target2:0:0: Beginning Domain Validation
[    8.407386] scsi target2:0:0: Domain Validation skipping write tests
[    8.419936] scsi target2:0:0: Ending Domain Validation
[    8.427200] scsi target2:0:0: asynchronous
[    8.448465] random: fast init done
[    8.749093] scsi 2:0:1:0: Direct-Access     VBOX     HARDDISK         1.0  PQ: 0 ANSI: 5
[    8.796060] scsi target2:0:1: Beginning Domain Validation
[    8.802779] scsi target2:0:1: Domain Validation skipping write tests
[    8.805942] scsi target2:0:1: Ending Domain Validation
[    8.808597] scsi target2:0:1: asynchronous
[    8.818892] random: systemd-udevd: uninitialized urandom read (16 bytes read)
[    8.821493] random: systemd-udevd: uninitialized urandom read (16 bytes read)
[    8.824591] random: systemd-udevd: uninitialized urandom read (16 bytes read)
[    8.827489] sd 2:0:0:0: Attached scsi generic sg0 type 0
[    8.829910] sd 2:0:0:0: [sda] 20971520 512-byte logical blocks: (10.7 GB/10.0 GiB)
[    8.832818] sd 2:0:1:0: Attached scsi generic sg1 type 0
[    8.834869] sd 2:0:0:0: [sda] Write Protect is off
[    8.836920] sd 2:0:1:0: [sdb] 20480 512-byte logical blocks: (10.5 MB/10.0 MiB)
[    8.851553] sd 2:0:0:0: [sda] Incomplete mode parameter data
[    8.853672] sd 2:0:0:0: [sda] Assuming drive cache: write through
[    8.860897] sd 2:0:1:0: [sdb] Write Protect is off
[    8.873134] sd 2:0:1:0: [sdb] Incomplete mode parameter data
[    8.881028] sd 2:0:1:0: [sdb] Assuming drive cache: write through
[    9.526670]  sda: sda1
[    9.532838] sd 2:0:0:0: [sda] Attached SCSI disk
[    9.543878] sd 2:0:1:0: [sdb] Attached SCSI disk
Begin: Loading essential drivers ... [   11.648620] raid6: sse2x1   gen()  5234 MB/s
[   11.720115] raid6: sse2x1   xor()  4042 MB/s
[   11.768852] raid6: sse2x2   gen()  4993 MB/s
[   11.816306] raid6: sse2x2   xor()  3806 MB/s
[   11.864594] raid6: sse2x4   gen()  7648 MB/s
[   11.920149] raid6: sse2x4   xor()  4717 MB/s
[   11.988190] raid6: avx2x1   gen() 11653 MB/s
[   12.056104] raid6: avx2x1   xor()  7524 MB/s
[   12.136237] raid6: avx2x2   gen()  6303 MB/s
[   12.188901] raid6: avx2x2   xor()  3904 MB/s
[   12.240106] raid6: avx2x4   gen() 10643 MB/s
[   12.288438] raid6: avx2x4   xor()  7283 MB/s
[   12.312813] raid6: using algorithm avx2x1 gen() 11653 MB/s
[   12.315907] raid6: .... xor() 7524 MB/s, rmw enabled
[   12.353991] raid6: using avx2x2 recovery algorithm
[   12.369229] xor: automatically using best checksumming function   avx       
[   12.402811] async_tx: api initialized (async)
done.
Begin: Running /scripts/init-premount ... done.
Begin: Mounting root file system ... Begin: Running /scripts/local-top ... done.
Begin: Running /scripts/local-premount ... [   12.479914] Btrfs loaded, crc32c=crc32c-intel
Scanning for Btrfs filesystems
done.
Warning: fsck not present, so sk[   12.547922] EXT4-fs (sda1): mounted filesystem with ordered data mode. Opts: (null)
ipping root file system
done.
Begin: Running /scripts/local-bottom ... done.
Begin: Running /scripts/init-bottom ... done.
[   13.075201] ip_tables: (C) 2000-2006 Netfilter Core Team
[   13.126388] systemd[1]: systemd 237 running in system mode. (+PAM +AUDIT +SELINUX +IMA +APPARMOR +SMACK +SYSVINIT +UTMP +LIBCRYPTSETUP +GCRYPT +GNUTLS +ACL +XZ +LZ4 +SECCOMP +BLKID +ELFUTILS +KMOD -IDN2 +IDN -PCRE2 default-hierarchy=hybrid)
[   13.165871] systemd[1]: Detected virtualization oracle.
[   13.187454] systemd[1]: Detected architecture x86-64.

Welcome to [1mUbuntu 18.04.3 LTS[0m!

[   13.250019] systemd[1]: Set hostname to <client2>.
[   14.058310] systemd[1]: Reached target Swap.
[[0;32m  OK  [0m] Reached target Swap.
[   14.102449] systemd[1]: Created slice System Slice.
[[0;32m  OK  [0m] Created slice System Slice.
[   14.133044] systemd[1]: Listening on /dev/initctl Compatibility Named Pipe.
[[0;32m  OK  [0m] Listening on /dev/initctl Compatibility Named Pipe.
[   14.173126] systemd[1]: Listening on udev Control Socket.
[[0;32m  OK  [0m] Listening on udev Control Socket.
[   14.194586] systemd[1]: Listening on Network Service Netlink Socket.
[[0;32m  OK  [0m] Listening on Network Service Netlink Socket.
[   14.233025] systemd[1]: Listening on Journal Socket.
[[0;32m  OK  [0m] Listening on Journal Socket.
         Mounting POSIX Message Queue File System...
         Starting Uncomplicated firewall...
         Starting Remount Root and Kernel[   14.313465] EXT4-fs (sda1): re-mounted. Opts: (null)
 File Systems...
         Starting Load Kernel Modules...
[[0;32m  OK  [0m] Listening on LVM2 metadata da[   14.369885] Loading iSCSI transport class v2.0-870.
emon socket.
[[0;32m  OK  [0m] Reached target System Time Synchronized.
[[0;32m  OK  [0m] Reached target User and Group Name Lookups.
[[0;32m  OK  [0m] Listening on Syslog Socket.
[[0;32m  OK  [0[   14.437772] iscsi: registered transport (tcp)
m] Created slice system-serial\x2dgetty.slice.
         Mounting Huge Pages File System...
[[0;32m  OK  [0m] Listening on Journal Audit Socket.
[[0;32m  OK  [0m] Started Forward Password Requests to Wall Directory Watch.
[[0;32m  OK  [0m] Created slice User and Session Slice.
[[0;32m  OK  [0m] Reached target Slices.
[[0;32m  OK  [0m] Listening on Device-mapper event daemon FIFOs[   14.495489] iscsi: registered transport (iser)
.
         Starting Monitoring of LVM2 mirrorsâ€¦ng dmeventd or progress polling...
[[0;32m  OK  [0m] Listening on udev Kernel Socket.
         Starting udev Coldplug all Devic[   14.570727] random: crng init done
es...
[   14.592696] random: 7 urandom warning(s) missed due to ratelimiting
         Mounting Kernel Debug File System...
[[0;32m  OK  [0m] Set up automount Arbitrary Executabâ€¦rmats File System Automount Point.
         Starting Set the console keyboard layout...
[[0;32m  OK  [0m] Listening on LVM2 poll daemon socket.
         Starting Create list of required stâ€¦ce nodes for the current kernel...
[[0;32m  OK  [0m] Listening on Journal Socket (/dev/log).
         Starting Journal Service...
[[0;32m  OK  [0m] Mounted POSIX Message Queue File System.
[[0;32m  OK  [0m] Started Uncomplicated firewall.
[[0;32m  OK  [0m] Started Remount Root and Kernel File Systems.
[[0;32m  OK  [0m] Started Load Kernel Modules.
[[0;32m  OK  [0m] Started Journal Service.
[[0;32m  OK  [0m] Mounted Huge Pages File System.
[[0;32m  OK  [0m] Mounted Kernel Debug File System.
[[0;32m  OK  [0m] Started Create list of required staâ€¦vice nodes for the current kernel.
[[0;32m  OK  [0m] Started Set the console keyboard layout.
[[0;32m  OK  [0m] Started LVM2 metadata daemon.
         Starting Create Static Device Nodes in /dev...
         Starting Apply Kernel Variables...
         Mounting FUSE Control File System...
         Mounting Kernel Configuration File System...
         Starting Load/Save Random Seed...
         Starting Flush Journal to Persistent Storage...
[[0;32m  OK  [0m] Started udev Coldplug all Devices.
[[0;32m  OK  [0m] Started Monitoring of LVM2 mirrors,â€¦sing dmeventd or progress polling.
[[0;32m  OK  [0m] Started Create Static Device Nodes in /dev.
[[0;32m  OK  [0m] Started Apply Kernel Variables.
[[0;32m  OK  [0m] Mounted FUSE Control File System.
[[0;32m  OK  [0m] Mounted Kernel Configuration File System.
[[0;32m  OK  [0m] Started Load/Save Random Seed.
         Starting udev Kernel Device Manager...
[[0;32m  OK  [0m] Reached target Local File Systems (Pre).
[[0;32m  OK  [0m] Reached target Local File Systems.
         Starting ebtables ruleset management...
         Starting AppArmor initialization...
         Starting Set console font and keymap...
         Starting Tell Plymouth To Write Out Runtime Data...
[[0;32m  OK  [0m] Started Set console font and keymap.
[[0;32m  OK  [0m] Started Tell Plymouth To Write Out Runtime Data.
[[0;32m  OK  [0m] Started udev Kernel Device Manager.
[[0;32m  OK  [0m] Started Dispatch Password Requests to Console Directory Watch.
[[0;32m  OK  [0m] Reached target Local Encrypted Volumes.
[[0;32m  OK  [0m] Started Flush Journal to Persistent Storage.
         Starting Create Volatile Files and Directories...
[[0;32m  OK  [0m] Started ebtables ruleset management.
[[0;32m  OK  [0m] Started Create Volatile Files and Directories.
[[0;32m  OK  [0m] Found device /dev/ttyS0.
         Starting Update UTMP about System Boot/Shutdown...
[[0;32m  OK  [0m] Started Update UTMP about System Boot/Shutdown.
[[0;32m  OK  [0m] Listening on Load/Save RF Kill Switch Status /dev/rfkill Watch.
[[0;32m  OK  [0m] Started AppArmor initialization.
         Starting Initial cloud-init job (pre-networking)...
[   19.407905] cloud-init[525]: Cloud-init v. 19.2-24-ge7881d5c-0ubuntu1~18.04.1 running 'init-local' at Wed, 11 Dec 2019 23:03:51 +0000. Up 18.69 seconds.
[[0;32m  OK  [0m] Started Initial cloud-init job (pre-networking).
[[0;32m  OK  [0m] Reached target Network (Pre).
         Starting Network Service...
[[0;32m  OK  [0m] Started Network Service.
         Starting Wait for Network to be Configured...
         Starting Network Name Resolution...
[[0;32m  OK  [0m] Started Network Name Resolution.
[[0;32m  OK  [0m] Reached target Network.
[[0;32m  OK  [0m] Reached target Host and Network Name Lookups.
[[0;32m  OK  [0m] Started Wait for Network to be Configured.
         Starting Initial cloud-init job (metadata service crawler)...
[   22.239031] cloud-init[661]: Cloud-init v. 19.2-24-ge7881d5c-0ubuntu1~18.04.1 running 'init' at Wed, 11 Dec 2019 23:03:54 +0000. Up 21.89 seconds.
[   22.256724] cloud-init[661]: ci-info: ++++++++++++++++++++++++++++++++++++++Net device info+++++++++++++++++++++++++++++++++++++++
[   22.260528] cloud-init[661]: ci-info: +--------+------+-----------------------------+---------------+--------+-------------------+
[   22.281206] cloud-init[661]: ci-info: | Device |  Up  |           Address           |      Mask     | Scope  |     Hw-Address    |
[   22.284166] cloud-init[661]: ci-info: +--------+------+-----------------------------+---------------+--------+-------------------+
[   22.286800] cloud-init[661]: ci-info: | enp0s3 | True |          10.0.2.15          | 255.255.255.0 | global | 02:50:d4:3b:43:74 |
[   22.340390] cloud-init[661]: ci-info: | enp0s3 | True |  fe80::50:d4ff:fe3b:4374/64 |       .       |  link  | 02:50:d4:3b:43:74 |
[   22.357944] cloud-init[661]: ci-info: | enp0s8 | True |        192.168.33.30        | 255.255.255.0 | global | 08:00:27:11:4d:f6 |
[   22.385192] cloud-init[661]: ci-info: | enp0s8 | True | fe80::a00:27ff:fe11:4df6/64 |       .       |  link  | 08:00:27:11:4d:f6 |
[   22.452672] cloud-init[661]: ci-info: |   lo   | True |          127.0.0.1          |   255.0.0.0   |  host  |         .         |
[   22.487716] cloud-init[661]: ci-info: |   lo   | True |           ::1/128           |       .       |  host  |         .         |
[   22.490982] cloud-init[661]: ci-info: +--------+------+-----------------------------+---------------+--------+-------------------+
[   22.544993] cloud-init[661]: ci-info: +++++++++++++++++++++++++++++Route IPv4 info+++++++++++++++++++++++++++++
[[0;32m  OK  [0m] Started Initial cloud-init job (metadata service crawler).
[[0;32m  OK  [0m] Reached target Cloud-config availability.
[[0;32m  OK  [0m] Reached target System Initialization.
[   22.616332] cloud-init[661]: ci-info: +-------+--------------+----------+-----------------+-----------+-------+
[   22.638327] cloud-init[661]: ci-info: | Route | Destination  | Gateway  |     Genmask     | Interface | Flags |
         Starting LXD - unix socket.
[   22.675564] cloud-init[661]: ci-info: +-------+--------------+----------+-----------------+-----------+-------+
[   22.704985] cloud-init[661]: ci-info: |   0   |   0.0.0.0    | 10.0.2.2 |     0.0.0.0     |   enp0s3  |   UG  |
[[0;32m  OK  [0m] Started ACPI Events Check.
[   22.711124] cloud-init[661]: ci-info: |   1   |   10.0.2.0   | 0.0.0.0  |  255.255.255.0  |   enp0s3  |   U   |
[   22.759269] cloud-init[661]: ci-info: |   2   |   10.0.2.2   | 0.0.0.0  | 255.255.255.255 |   enp0s3  |   UH  |
[   22.802109] cloud-init[661]: ci-info: |   3   | 192.168.33.0 | 0.0.0.0  |  255.255.255.0  |   enp0s8  |   U   |
[[0;32m  OK  [0m] Reached target Paths.
[[0;32m  OK  [0m] Listening on Open-iSCSI iscsid Socket.
[   22.841376] cloud-init[661]: ci-info: +-------+--------------+----------+-----------------+-----------+-------+
[   22.847002] cloud-init[661]: ci-info: +++++++++++++++++++Route IPv6 info+++++++++++++++++++
[   22.847611] cloud-init[661]: ci-info: +-------+-------------+---------+-----------+-------+
[   22.848210] cloud-init[661]: ci-info: | Route | Destination | Gateway | Interface | Flags |
[   22.848333] cloud-init[661]: ci-info: +-------+-------------+---------+-----------+-------+
[   22.849071] cloud-init[661]: ci-info: |   1   |  fe80::/64  |    ::   |   enp0s8  |   U   |
[   22.849886] cloud-init[661]: ci-info: |   2   |  fe80::/64  |    ::   |   enp0s3  |   U   |
[   22.850225] cloud-init[661]: ci-info: |   4   |    local    |    ::   |   enp0s3  |   U   |
[   22.851033] cloud-init[661]: ci-info: |   5   |    local    |    ::   |   enp0s8  |   U   |
[   22.851532] cloud-init[661]: ci-info: |   6   |   ff00::/8  |    ::   |   enp0s8  |   U   |
[[0;32m  OK  [0m] Listening on D-Bus System Message Bus Socket.
[   22.851724] cloud-init[661]: ci-info: |   7   |   ff00::/8  |    ::   |   enp0s3  |   U   |
[[   22.886130] cloud-init[661]: ci-info: +-------+-------------+---------+-----------+-------+
[0;32m  OK  [0m] Started Daily apt download activities.
[[0;32m  OK  [0m] Started Daily apt upgrade and clean activities.
[[0;32m  OK  [0m] Started Daily Cleanup of Temporary Directories.
[[0;32m  OK  [0m] Listening on ACPID Listen Socket.
         Starting Socket activation for snappy daemon.
[[0;32m  OK  [0m] Listening on UUID daemon activation socket.
[[0;32m  OK  [0m] Started Discard unused blocks once a week.
[[0;32m  OK  [0m] Started Message of the Day.
[[0;32m  OK  [0m] Reached target Timers.
[[0;32m  OK  [0m] Reached target Network is Online.
         Starting Availability of block devices...
[[0;32m  OK  [0m] Reached target Remote File Systems (Pre).
[[0;32m  OK  [0m] Reached target Remote File Systems.
[[0;32m  OK  [0m] Listening on LXD - unix socket.
[[0;32m  OK  [0m] Listening on Socket activation for snappy daemon.
[[0;32m  OK  [0m] Started Availability of block devices.
[[0;32m  OK  [0m] Reached target Sockets.
[[0;32m  OK  [0m] Reached target Basic System.
[[0;32m  OK  [0m] Started irqbalance daemon.
         Starting Login Service...
[[0;32m  OK  [0m] Started Regular background program processing daemon.
         Starting Accounts Service...
         Starting OpenBSD Secure Shell server...
         Starting Dispatcher daemon for systemd-networkd...
         Starting Permit User Sessions...
         Starting Message of the Day...
         Starting Virtualbox guest utils...
         Starting LSB: Record successful boot for GRUB...
         Starting Snappy daemon...
[[0;32m  OK  [0m] Started Deferred execution scheduler.
[[0;32m  OK  [0m] Started D-Bus System Message Bus.
[[0;32m  OK  [0m] Started Login Service.
[[0;32m  OK  [0m] Started Unattended Upgrades Shutdown.
         Starting LSB: automatic crash report generation...
         Starting System Logging Service...
[[0;32m  OK  [0m] Started FUSE filesystem for LXC.
         Starting LXD - container startup/shutdown...
[[0;32m  OK  [0m] Started Permit User Sessions.
         Starting Hold until boot process finishes up...
         Starting Terminate Plymouth Boot Screen...
[[0;32m  OK  [0m] Started OpenBSD Secure Shell server.
[[0;32m  OK  [0m] Started Hold until boot process finishes up.
         Starting Set console scheme...
[[0;32m  OK  [0m] Started Serial Getty on ttyS0.
[[0;32m  OK  [0m] Started Terminate Plymouth Boot Screen.
[[0;32m  OK  [0m] Started Set console scheme.
[[0;32m  OK  [0m] Created slice system-getty.slice.
[[0;32m  OK  [0m] Started Getty on tty1.
[[0;32m  OK  [0m] Reached target Login Prompts.
         Starting Authorization Manager...
[[0;32m  OK  [0m] Started LSB: automatic crash report generation.
[[0;32m  OK  [0m] Started LSB: Record successful boot for GRUB.
[[0;32m  OK  [0m] Started System Logging Service.
[[0;32m  OK  [0m] Started Authorization Manager.
[[0;32m  OK  [0m] Started Accounts Service.
[[0;32m  OK  [0m] Started Virtualbox guest utils.
[[0;32m  OK  [0m] Created slice User Slice of vagrant.
         Starting User Manager for UID 1000...
[[0;32m  OK  [0m] Started Session 1 of user vagrant.
[[0;32m  OK  [0m] Started Snappy daemon.
         Starting Wait until snapd is fully seeded...
[[0;32m  OK  [0m] Started Dispatcher daemon for systemd-networkd.
[[0;32m  OK  [0m] Started Wait until snapd is fully seeded.
         Starting Apply the settings specified in cloud-config...
[[0;32m  OK  [0m] Started Message of the Day.
[[0;32m  OK  [0m] Started LXD - container startup/shutdown.
[[0;32m  OK  [0m] Started User Manager for UID 1000.
[[0;32m  OK  [0m] Reached target Multi-User System.
[[0;32m  OK  [0m] Reached target Graphical Interface.
         Starting Update UTMP about System Runlevel Changes...
[[0;32m  OK  [0m] Started Update UTMP about System Runlevel Changes.
[   27.000075] cloud-init[1125]: Cloud-init v. 19.2-24-ge7881d5c-0ubuntu1~18.04.1 running 'modules:config' at Wed, 11 Dec 2019 23:03:59 +0000. Up 26.74 seconds.
[[0;32m  OK  [0m] Started Apply the settings specified in cloud-config.
         Starting Execute cloud user/final scripts...
[   28.199785] cloud-init[1219]: Cloud-init v. 19.2-24-ge7881d5c-0ubuntu1~18.04.1 running 'modules:final' at Wed, 11 Dec 2019 23:04:00 +0000. Up 27.93 seconds.
[   28.224083] cloud-init[1219]: Cloud-init v. 19.2-24-ge7881d5c-0ubuntu1~18.04.1 finished at Wed, 11 Dec 2019 23:04:00 +0000. Datasource DataSourceNoCloud [seed=/dev/sdb][dsmode=net].  Up 28.18 seconds
[[0;32m  OK  [0m] Started Execute cloud user/final scripts.
[[0;32m  OK  [0m] Reached target Cloud-init target.

Ubuntu 18.04.3 LTS client2 ttyS0

client2 login: 